[    1323ms] [VERBOSE] [DOM] Password field is not contained in a form: (More info: https://goo.gl/9p2vKq) %o @ https://openclaw.labspaulo.site/chat?session=agent%3Amain%3Amain:0
[    1323ms] [VERBOSE] [DOM] Password field is not contained in a form: (More info: https://goo.gl/9p2vKq) %o @ https://openclaw.labspaulo.site/chat?session=agent%3Amain%3Amain:0
[  470027ms] [VERBOSE] [DOM] Password field is not contained in a form: (More info: https://goo.gl/9p2vKq) %o @ https://openclaw.labspaulo.site/chat?session=agent%3Amain%3Amain:0
[  470027ms] [VERBOSE] [DOM] Password field is not contained in a form: (More info: https://goo.gl/9p2vKq) %o @ https://openclaw.labspaulo.site/chat?session=agent%3Amain%3Amain:0
[  470338ms] [ERROR] Failed to load resource: the server responded with a status of 502 (Bad Gateway) @ https://openclaw.labspaulo.site/favicon.svg:0
[  471065ms] [ERROR] WebSocket connection to 'wss://openclaw.labspaulo.site/' failed: Error during WebSocket handshake: Unexpected response code: 502 @ https://openclaw.labspaulo.site/assets/index-DIfSzHeM.js:1
[  472770ms] [ERROR] WebSocket connection to 'wss://openclaw.labspaulo.site/' failed: Error during WebSocket handshake: Unexpected response code: 502 @ https://openclaw.labspaulo.site/assets/index-DIfSzHeM.js:1
[  475432ms] [ERROR] WebSocket connection to 'wss://openclaw.labspaulo.site/' failed: Error during WebSocket handshake: Unexpected response code: 502 @ https://openclaw.labspaulo.site/assets/index-DIfSzHeM.js:1
[  479710ms] [ERROR] WebSocket connection to 'wss://openclaw.labspaulo.site/' failed: Error during WebSocket handshake: Unexpected response code: 502 @ https://openclaw.labspaulo.site/assets/index-DIfSzHeM.js:1
[  486738ms] [ERROR] WebSocket connection to 'wss://openclaw.labspaulo.site/' failed: Error during WebSocket handshake: Unexpected response code: 502 @ https://openclaw.labspaulo.site/assets/index-DIfSzHeM.js:1
[  498451ms] [ERROR] WebSocket connection to 'wss://openclaw.labspaulo.site/' failed: Error during WebSocket handshake: Unexpected response code: 502 @ https://openclaw.labspaulo.site/assets/index-DIfSzHeM.js:1
[  513909ms] [ERROR] WebSocket connection to 'wss://openclaw.labspaulo.site/' failed: Error during WebSocket handshake: Unexpected response code: 502 @ https://openclaw.labspaulo.site/assets/index-DIfSzHeM.js:1
[  529272ms] [ERROR] WebSocket connection to 'wss://openclaw.labspaulo.site/' failed: Error during WebSocket handshake: Unexpected response code: 502 @ https://openclaw.labspaulo.site/assets/index-DIfSzHeM.js:1
[  544641ms] [ERROR] WebSocket connection to 'wss://openclaw.labspaulo.site/' failed: Error during WebSocket handshake: Unexpected response code: 502 @ https://openclaw.labspaulo.site/assets/index-DIfSzHeM.js:1
[  560026ms] [ERROR] WebSocket connection to 'wss://openclaw.labspaulo.site/' failed: Error during WebSocket handshake: Unexpected response code: 502 @ https://openclaw.labspaulo.site/assets/index-DIfSzHeM.js:1
[  575436ms] [ERROR] WebSocket connection to 'wss://openclaw.labspaulo.site/' failed: Error during WebSocket handshake: Unexpected response code: 502 @ https://openclaw.labspaulo.site/assets/index-DIfSzHeM.js:1
[  590964ms] [ERROR] WebSocket connection to 'wss://openclaw.labspaulo.site/' failed: Error during WebSocket handshake: Unexpected response code: 502 @ https://openclaw.labspaulo.site/assets/index-DIfSzHeM.js:1
[  606538ms] [ERROR] WebSocket connection to 'wss://openclaw.labspaulo.site/' failed: Error during WebSocket handshake: Unexpected response code: 502 @ https://openclaw.labspaulo.site/assets/index-DIfSzHeM.js:1
[  622524ms] [ERROR] WebSocket connection to 'wss://openclaw.labspaulo.site/' failed: Error during WebSocket handshake: Unexpected response code: 502 @ https://openclaw.labspaulo.site/assets/index-DIfSzHeM.js:1
[  640249ms] [ERROR] WebSocket connection to 'wss://openclaw.labspaulo.site/' failed: Error during WebSocket handshake: Unexpected response code: 502 @ https://openclaw.labspaulo.site/assets/index-DIfSzHeM.js:1
[  659085ms] [ERROR] WebSocket connection to 'wss://openclaw.labspaulo.site/' failed: Error during WebSocket handshake: Unexpected response code: 502 @ https://openclaw.labspaulo.site/assets/index-DIfSzHeM.js:1
[  676342ms] [ERROR] WebSocket connection to 'wss://openclaw.labspaulo.site/' failed: Error during WebSocket handshake: Unexpected response code: 502 @ https://openclaw.labspaulo.site/assets/index-DIfSzHeM.js:1
[  693727ms] [ERROR] WebSocket connection to 'wss://openclaw.labspaulo.site/' failed: Error during WebSocket handshake: Unexpected response code: 502 @ https://openclaw.labspaulo.site/assets/index-DIfSzHeM.js:1
[  714030ms] [ERROR] WebSocket connection to 'wss://openclaw.labspaulo.site/' failed: Error during WebSocket handshake: Unexpected response code: 502 @ https://openclaw.labspaulo.site/assets/index-DIfSzHeM.js:1
[  729408ms] [ERROR] WebSocket connection to 'wss://openclaw.labspaulo.site/' failed: Error during WebSocket handshake: Unexpected response code: 502 @ https://openclaw.labspaulo.site/assets/index-DIfSzHeM.js:1
[  744829ms] [ERROR] WebSocket connection to 'wss://openclaw.labspaulo.site/' failed: Error during WebSocket handshake: Unexpected response code: 502 @ https://openclaw.labspaulo.site/assets/index-DIfSzHeM.js:1
[  760363ms] [ERROR] WebSocket connection to 'wss://openclaw.labspaulo.site/' failed: Error during WebSocket handshake: Unexpected response code: 502 @ https://openclaw.labspaulo.site/assets/index-DIfSzHeM.js:1
[  775905ms] [ERROR] WebSocket connection to 'wss://openclaw.labspaulo.site/' failed: Error during WebSocket handshake: Unexpected response code: 502 @ https://openclaw.labspaulo.site/assets/index-DIfSzHeM.js:1
[  791423ms] [ERROR] WebSocket connection to 'wss://openclaw.labspaulo.site/' failed: Error during WebSocket handshake: Unexpected response code: 502 @ https://openclaw.labspaulo.site/assets/index-DIfSzHeM.js:1
[  807564ms] [ERROR] WebSocket connection to 'wss://openclaw.labspaulo.site/' failed: Error during WebSocket handshake: Unexpected response code: 502 @ https://openclaw.labspaulo.site/assets/index-DIfSzHeM.js:1
[  824439ms] [ERROR] WebSocket connection to 'wss://openclaw.labspaulo.site/' failed: Error during WebSocket handshake: Unexpected response code: 502 @ https://openclaw.labspaulo.site/assets/index-DIfSzHeM.js:1
[  839808ms] [ERROR] WebSocket connection to 'wss://openclaw.labspaulo.site/' failed: Error during WebSocket handshake: Unexpected response code: 502 @ https://openclaw.labspaulo.site/assets/index-DIfSzHeM.js:1
[  855161ms] [ERROR] WebSocket connection to 'wss://openclaw.labspaulo.site/' failed: Error during WebSocket handshake: Unexpected response code: 502 @ https://openclaw.labspaulo.site/assets/index-DIfSzHeM.js:1
[  870504ms] [ERROR] WebSocket connection to 'wss://openclaw.labspaulo.site/' failed: Error during WebSocket handshake: Unexpected response code: 502 @ https://openclaw.labspaulo.site/assets/index-DIfSzHeM.js:1
[  885873ms] [ERROR] WebSocket connection to 'wss://openclaw.labspaulo.site/' failed: Error during WebSocket handshake: Unexpected response code: 502 @ https://openclaw.labspaulo.site/assets/index-DIfSzHeM.js:1
[  901242ms] [ERROR] WebSocket connection to 'wss://openclaw.labspaulo.site/' failed: Error during WebSocket handshake: Unexpected response code: 503 @ https://openclaw.labspaulo.site/assets/index-DIfSzHeM.js:1
[  916599ms] [ERROR] WebSocket connection to 'wss://openclaw.labspaulo.site/' failed: Error during WebSocket handshake: Unexpected response code: 503 @ https://openclaw.labspaulo.site/assets/index-DIfSzHeM.js:1
[  931959ms] [ERROR] WebSocket connection to 'wss://openclaw.labspaulo.site/' failed: Error during WebSocket handshake: Unexpected response code: 503 @ https://openclaw.labspaulo.site/assets/index-DIfSzHeM.js:1
[  947332ms] [ERROR] WebSocket connection to 'wss://openclaw.labspaulo.site/' failed: Error during WebSocket handshake: Unexpected response code: 503 @ https://openclaw.labspaulo.site/assets/index-DIfSzHeM.js:1
[  962689ms] [ERROR] WebSocket connection to 'wss://openclaw.labspaulo.site/' failed: Error during WebSocket handshake: Unexpected response code: 503 @ https://openclaw.labspaulo.site/assets/index-DIfSzHeM.js:1
[  978058ms] [ERROR] WebSocket connection to 'wss://openclaw.labspaulo.site/' failed: Error during WebSocket handshake: Unexpected response code: 503 @ https://openclaw.labspaulo.site/assets/index-DIfSzHeM.js:1
[  993440ms] [ERROR] WebSocket connection to 'wss://openclaw.labspaulo.site/' failed: Error during WebSocket handshake: Unexpected response code: 503 @ https://openclaw.labspaulo.site/assets/index-DIfSzHeM.js:1
[ 1008802ms] [ERROR] WebSocket connection to 'wss://openclaw.labspaulo.site/' failed: Error during WebSocket handshake: Unexpected response code: 503 @ https://openclaw.labspaulo.site/assets/index-DIfSzHeM.js:1
[ 1024163ms] [ERROR] WebSocket connection to 'wss://openclaw.labspaulo.site/' failed: Error during WebSocket handshake: Unexpected response code: 503 @ https://openclaw.labspaulo.site/assets/index-DIfSzHeM.js:1
[ 1039523ms] [ERROR] WebSocket connection to 'wss://openclaw.labspaulo.site/' failed: Error during WebSocket handshake: Unexpected response code: 503 @ https://openclaw.labspaulo.site/assets/index-DIfSzHeM.js:1
[ 1055129ms] [ERROR] WebSocket connection to 'wss://openclaw.labspaulo.site/' failed: Error during WebSocket handshake: Unexpected response code: 503 @ https://openclaw.labspaulo.site/assets/index-DIfSzHeM.js:1
[ 1070496ms] [ERROR] WebSocket connection to 'wss://openclaw.labspaulo.site/' failed: Error during WebSocket handshake: Unexpected response code: 502 @ https://openclaw.labspaulo.site/assets/index-DIfSzHeM.js:1
[ 1085859ms] [ERROR] WebSocket connection to 'wss://openclaw.labspaulo.site/' failed: Error during WebSocket handshake: Unexpected response code: 502 @ https://openclaw.labspaulo.site/assets/index-DIfSzHeM.js:1
[ 1101215ms] [ERROR] WebSocket connection to 'wss://openclaw.labspaulo.site/' failed: Error during WebSocket handshake: Unexpected response code: 502 @ https://openclaw.labspaulo.site/assets/index-DIfSzHeM.js:1
[ 1116577ms] [ERROR] WebSocket connection to 'wss://openclaw.labspaulo.site/' failed: Error during WebSocket handshake: Unexpected response code: 503 @ https://openclaw.labspaulo.site/assets/index-DIfSzHeM.js:1
[ 1131934ms] [ERROR] WebSocket connection to 'wss://openclaw.labspaulo.site/' failed: Error during WebSocket handshake: Unexpected response code: 503 @ https://openclaw.labspaulo.site/assets/index-DIfSzHeM.js:1
[ 1147298ms] [ERROR] WebSocket connection to 'wss://openclaw.labspaulo.site/' failed: Error during WebSocket handshake: Unexpected response code: 503 @ https://openclaw.labspaulo.site/assets/index-DIfSzHeM.js:1
[ 1162665ms] [ERROR] WebSocket connection to 'wss://openclaw.labspaulo.site/' failed: Error during WebSocket handshake: Unexpected response code: 503 @ https://openclaw.labspaulo.site/assets/index-DIfSzHeM.js:1
[ 1178019ms] [ERROR] WebSocket connection to 'wss://openclaw.labspaulo.site/' failed: Error during WebSocket handshake: Unexpected response code: 503 @ https://openclaw.labspaulo.site/assets/index-DIfSzHeM.js:1
[ 1193391ms] [ERROR] WebSocket connection to 'wss://openclaw.labspaulo.site/' failed: Error during WebSocket handshake: Unexpected response code: 503 @ https://openclaw.labspaulo.site/assets/index-DIfSzHeM.js:1
[ 1208765ms] [ERROR] WebSocket connection to 'wss://openclaw.labspaulo.site/' failed: Error during WebSocket handshake: Unexpected response code: 503 @ https://openclaw.labspaulo.site/assets/index-DIfSzHeM.js:1
[ 1224128ms] [ERROR] WebSocket connection to 'wss://openclaw.labspaulo.site/' failed: Error during WebSocket handshake: Unexpected response code: 503 @ https://openclaw.labspaulo.site/assets/index-DIfSzHeM.js:1
[ 1239542ms] [ERROR] WebSocket connection to 'wss://openclaw.labspaulo.site/' failed: Error during WebSocket handshake: Unexpected response code: 503 @ https://openclaw.labspaulo.site/assets/index-DIfSzHeM.js:1
[ 1254904ms] [ERROR] WebSocket connection to 'wss://openclaw.labspaulo.site/' failed: Error during WebSocket handshake: Unexpected response code: 503 @ https://openclaw.labspaulo.site/assets/index-DIfSzHeM.js:1
[ 1270268ms] [ERROR] WebSocket connection to 'wss://openclaw.labspaulo.site/' failed: Error during WebSocket handshake: Unexpected response code: 503 @ https://openclaw.labspaulo.site/assets/index-DIfSzHeM.js:1
[ 1285690ms] [ERROR] WebSocket connection to 'wss://openclaw.labspaulo.site/' failed: Error during WebSocket handshake: Unexpected response code: 503 @ https://openclaw.labspaulo.site/assets/index-DIfSzHeM.js:1
[ 1301309ms] [ERROR] WebSocket connection to 'wss://openclaw.labspaulo.site/' failed: Error during WebSocket handshake: Unexpected response code: 503 @ https://openclaw.labspaulo.site/assets/index-DIfSzHeM.js:1
[ 1316766ms] [ERROR] WebSocket connection to 'wss://openclaw.labspaulo.site/' failed: Error during WebSocket handshake: Unexpected response code: 503 @ https://openclaw.labspaulo.site/assets/index-DIfSzHeM.js:1
[ 1332134ms] [ERROR] WebSocket connection to 'wss://openclaw.labspaulo.site/' failed: Error during WebSocket handshake: Unexpected response code: 503 @ https://openclaw.labspaulo.site/assets/index-DIfSzHeM.js:1
[ 1347501ms] [ERROR] WebSocket connection to 'wss://openclaw.labspaulo.site/' failed: Error during WebSocket handshake: Unexpected response code: 503 @ https://openclaw.labspaulo.site/assets/index-DIfSzHeM.js:1
[ 1362863ms] [ERROR] WebSocket connection to 'wss://openclaw.labspaulo.site/' failed: Error during WebSocket handshake: Unexpected response code: 503 @ https://openclaw.labspaulo.site/assets/index-DIfSzHeM.js:1
[ 1378375ms] [ERROR] WebSocket connection to 'wss://openclaw.labspaulo.site/' failed: Error during WebSocket handshake: Unexpected response code: 503 @ https://openclaw.labspaulo.site/assets/index-DIfSzHeM.js:1
[ 1393757ms] [ERROR] WebSocket connection to 'wss://openclaw.labspaulo.site/' failed: Error during WebSocket handshake: Unexpected response code: 503 @ https://openclaw.labspaulo.site/assets/index-DIfSzHeM.js:1
[ 1409141ms] [ERROR] WebSocket connection to 'wss://openclaw.labspaulo.site/' failed: Error during WebSocket handshake: Unexpected response code: 503 @ https://openclaw.labspaulo.site/assets/index-DIfSzHeM.js:1
[ 1424530ms] [ERROR] WebSocket connection to 'wss://openclaw.labspaulo.site/' failed: Error during WebSocket handshake: Unexpected response code: 503 @ https://openclaw.labspaulo.site/assets/index-DIfSzHeM.js:1
[ 1439916ms] [ERROR] WebSocket connection to 'wss://openclaw.labspaulo.site/' failed: Error during WebSocket handshake: Unexpected response code: 503 @ https://openclaw.labspaulo.site/assets/index-DIfSzHeM.js:1
[ 1455297ms] [ERROR] WebSocket connection to 'wss://openclaw.labspaulo.site/' failed: Error during WebSocket handshake: Unexpected response code: 503 @ https://openclaw.labspaulo.site/assets/index-DIfSzHeM.js:1
[ 1470741ms] [ERROR] WebSocket connection to 'wss://openclaw.labspaulo.site/' failed: Error during WebSocket handshake: Unexpected response code: 503 @ https://openclaw.labspaulo.site/assets/index-DIfSzHeM.js:1
[ 1486121ms] [ERROR] WebSocket connection to 'wss://openclaw.labspaulo.site/' failed: Error during WebSocket handshake: Unexpected response code: 503 @ https://openclaw.labspaulo.site/assets/index-DIfSzHeM.js:1
[ 1501500ms] [ERROR] WebSocket connection to 'wss://openclaw.labspaulo.site/' failed: Error during WebSocket handshake: Unexpected response code: 503 @ https://openclaw.labspaulo.site/assets/index-DIfSzHeM.js:1
[ 1516906ms] [ERROR] WebSocket connection to 'wss://openclaw.labspaulo.site/' failed: Error during WebSocket handshake: Unexpected response code: 503 @ https://openclaw.labspaulo.site/assets/index-DIfSzHeM.js:1
[ 1532270ms] [ERROR] WebSocket connection to 'wss://openclaw.labspaulo.site/' failed: Error during WebSocket handshake: Unexpected response code: 503 @ https://openclaw.labspaulo.site/assets/index-DIfSzHeM.js:1
[ 1547640ms] [ERROR] WebSocket connection to 'wss://openclaw.labspaulo.site/' failed: Error during WebSocket handshake: Unexpected response code: 503 @ https://openclaw.labspaulo.site/assets/index-DIfSzHeM.js:1
[ 1563064ms] [ERROR] WebSocket connection to 'wss://openclaw.labspaulo.site/' failed: Error during WebSocket handshake: Unexpected response code: 503 @ https://openclaw.labspaulo.site/assets/index-DIfSzHeM.js:1
[ 1578444ms] [ERROR] WebSocket connection to 'wss://openclaw.labspaulo.site/' failed: Error during WebSocket handshake: Unexpected response code: 503 @ https://openclaw.labspaulo.site/assets/index-DIfSzHeM.js:1
[ 1593814ms] [ERROR] WebSocket connection to 'wss://openclaw.labspaulo.site/' failed: Error during WebSocket handshake: Unexpected response code: 503 @ https://openclaw.labspaulo.site/assets/index-DIfSzHeM.js:1
[ 1609182ms] [ERROR] WebSocket connection to 'wss://openclaw.labspaulo.site/' failed: Error during WebSocket handshake: Unexpected response code: 503 @ https://openclaw.labspaulo.site/assets/index-DIfSzHeM.js:1
[ 1624535ms] [ERROR] WebSocket connection to 'wss://openclaw.labspaulo.site/' failed: Error during WebSocket handshake: Unexpected response code: 503 @ https://openclaw.labspaulo.site/assets/index-DIfSzHeM.js:1
[ 1639893ms] [ERROR] WebSocket connection to 'wss://openclaw.labspaulo.site/' failed: Error during WebSocket handshake: Unexpected response code: 503 @ https://openclaw.labspaulo.site/assets/index-DIfSzHeM.js:1
[ 1655254ms] [ERROR] WebSocket connection to 'wss://openclaw.labspaulo.site/' failed: Error during WebSocket handshake: Unexpected response code: 503 @ https://openclaw.labspaulo.site/assets/index-DIfSzHeM.js:1
[ 1670635ms] [ERROR] WebSocket connection to 'wss://openclaw.labspaulo.site/' failed: Error during WebSocket handshake: Unexpected response code: 503 @ https://openclaw.labspaulo.site/assets/index-DIfSzHeM.js:1
[ 1686019ms] [ERROR] WebSocket connection to 'wss://openclaw.labspaulo.site/' failed: Error during WebSocket handshake: Unexpected response code: 503 @ https://openclaw.labspaulo.site/assets/index-DIfSzHeM.js:1
[ 1701373ms] [ERROR] WebSocket connection to 'wss://openclaw.labspaulo.site/' failed: Error during WebSocket handshake: Unexpected response code: 503 @ https://openclaw.labspaulo.site/assets/index-DIfSzHeM.js:1
[ 1716741ms] [ERROR] WebSocket connection to 'wss://openclaw.labspaulo.site/' failed: Error during WebSocket handshake: Unexpected response code: 503 @ https://openclaw.labspaulo.site/assets/index-DIfSzHeM.js:1
[ 1732101ms] [ERROR] WebSocket connection to 'wss://openclaw.labspaulo.site/' failed: Error during WebSocket handshake: Unexpected response code: 503 @ https://openclaw.labspaulo.site/assets/index-DIfSzHeM.js:1
[ 1747464ms] [ERROR] WebSocket connection to 'wss://openclaw.labspaulo.site/' failed: Error during WebSocket handshake: Unexpected response code: 503 @ https://openclaw.labspaulo.site/assets/index-DIfSzHeM.js:1
[ 1762809ms] [ERROR] WebSocket connection to 'wss://openclaw.labspaulo.site/' failed: Error during WebSocket handshake: Unexpected response code: 503 @ https://openclaw.labspaulo.site/assets/index-DIfSzHeM.js:1
[ 1778182ms] [ERROR] WebSocket connection to 'wss://openclaw.labspaulo.site/' failed: Error during WebSocket handshake: Unexpected response code: 503 @ https://openclaw.labspaulo.site/assets/index-DIfSzHeM.js:1
[ 1793554ms] [ERROR] WebSocket connection to 'wss://openclaw.labspaulo.site/' failed: Error during WebSocket handshake: Unexpected response code: 503 @ https://openclaw.labspaulo.site/assets/index-DIfSzHeM.js:1
[ 1808947ms] [ERROR] WebSocket connection to 'wss://openclaw.labspaulo.site/' failed: Error during WebSocket handshake: Unexpected response code: 503 @ https://openclaw.labspaulo.site/assets/index-DIfSzHeM.js:1
[ 1824308ms] [ERROR] WebSocket connection to 'wss://openclaw.labspaulo.site/' failed: Error during WebSocket handshake: Unexpected response code: 503 @ https://openclaw.labspaulo.site/assets/index-DIfSzHeM.js:1
[ 1839668ms] [ERROR] WebSocket connection to 'wss://openclaw.labspaulo.site/' failed: Error during WebSocket handshake: Unexpected response code: 503 @ https://openclaw.labspaulo.site/assets/index-DIfSzHeM.js:1
[ 1855023ms] [ERROR] WebSocket connection to 'wss://openclaw.labspaulo.site/' failed: Error during WebSocket handshake: Unexpected response code: 503 @ https://openclaw.labspaulo.site/assets/index-DIfSzHeM.js:1
[ 1870371ms] [ERROR] WebSocket connection to 'wss://openclaw.labspaulo.site/' failed: Error during WebSocket handshake: Unexpected response code: 503 @ https://openclaw.labspaulo.site/assets/index-DIfSzHeM.js:1
[ 1885732ms] [ERROR] WebSocket connection to 'wss://openclaw.labspaulo.site/' failed: Error during WebSocket handshake: Unexpected response code: 503 @ https://openclaw.labspaulo.site/assets/index-DIfSzHeM.js:1
[ 1901100ms] [ERROR] WebSocket connection to 'wss://openclaw.labspaulo.site/' failed: Error during WebSocket handshake: Unexpected response code: 503 @ https://openclaw.labspaulo.site/assets/index-DIfSzHeM.js:1
[ 1916477ms] [ERROR] WebSocket connection to 'wss://openclaw.labspaulo.site/' failed: Error during WebSocket handshake: Unexpected response code: 503 @ https://openclaw.labspaulo.site/assets/index-DIfSzHeM.js:1
[ 1931842ms] [ERROR] WebSocket connection to 'wss://openclaw.labspaulo.site/' failed: Error during WebSocket handshake: Unexpected response code: 503 @ https://openclaw.labspaulo.site/assets/index-DIfSzHeM.js:1
[ 1947191ms] [ERROR] WebSocket connection to 'wss://openclaw.labspaulo.site/' failed: Error during WebSocket handshake: Unexpected response code: 503 @ https://openclaw.labspaulo.site/assets/index-DIfSzHeM.js:1
[ 1962543ms] [ERROR] WebSocket connection to 'wss://openclaw.labspaulo.site/' failed: Error during WebSocket handshake: Unexpected response code: 503 @ https://openclaw.labspaulo.site/assets/index-DIfSzHeM.js:1
[ 1977978ms] [ERROR] WebSocket connection to 'wss://openclaw.labspaulo.site/' failed: Error during WebSocket handshake: Unexpected response code: 503 @ https://openclaw.labspaulo.site/assets/index-DIfSzHeM.js:1
[ 1993345ms] [ERROR] WebSocket connection to 'wss://openclaw.labspaulo.site/' failed: Error during WebSocket handshake: Unexpected response code: 503 @ https://openclaw.labspaulo.site/assets/index-DIfSzHeM.js:1
[ 2008706ms] [ERROR] WebSocket connection to 'wss://openclaw.labspaulo.site/' failed: Error during WebSocket handshake: Unexpected response code: 503 @ https://openclaw.labspaulo.site/assets/index-DIfSzHeM.js:1
[ 2024068ms] [ERROR] WebSocket connection to 'wss://openclaw.labspaulo.site/' failed: Error during WebSocket handshake: Unexpected response code: 503 @ https://openclaw.labspaulo.site/assets/index-DIfSzHeM.js:1
[ 2039430ms] [ERROR] WebSocket connection to 'wss://openclaw.labspaulo.site/' failed: Error during WebSocket handshake: Unexpected response code: 503 @ https://openclaw.labspaulo.site/assets/index-DIfSzHeM.js:1
[ 2054892ms] [ERROR] WebSocket connection to 'wss://openclaw.labspaulo.site/' failed: Error during WebSocket handshake: Unexpected response code: 503 @ https://openclaw.labspaulo.site/assets/index-DIfSzHeM.js:1
[ 2070248ms] [ERROR] WebSocket connection to 'wss://openclaw.labspaulo.site/' failed: Error during WebSocket handshake: Unexpected response code: 503 @ https://openclaw.labspaulo.site/assets/index-DIfSzHeM.js:1
[ 2085602ms] [ERROR] WebSocket connection to 'wss://openclaw.labspaulo.site/' failed: Error during WebSocket handshake: Unexpected response code: 503 @ https://openclaw.labspaulo.site/assets/index-DIfSzHeM.js:1
[ 2100961ms] [ERROR] WebSocket connection to 'wss://openclaw.labspaulo.site/' failed: Error during WebSocket handshake: Unexpected response code: 503 @ https://openclaw.labspaulo.site/assets/index-DIfSzHeM.js:1
[ 2116318ms] [ERROR] WebSocket connection to 'wss://openclaw.labspaulo.site/' failed: Error during WebSocket handshake: Unexpected response code: 503 @ https://openclaw.labspaulo.site/assets/index-DIfSzHeM.js:1
[ 2131675ms] [ERROR] WebSocket connection to 'wss://openclaw.labspaulo.site/' failed: Error during WebSocket handshake: Unexpected response code: 503 @ https://openclaw.labspaulo.site/assets/index-DIfSzHeM.js:1
[ 2147033ms] [ERROR] WebSocket connection to 'wss://openclaw.labspaulo.site/' failed: Error during WebSocket handshake: Unexpected response code: 503 @ https://openclaw.labspaulo.site/assets/index-DIfSzHeM.js:1
[ 2162396ms] [ERROR] WebSocket connection to 'wss://openclaw.labspaulo.site/' failed: Error during WebSocket handshake: Unexpected response code: 503 @ https://openclaw.labspaulo.site/assets/index-DIfSzHeM.js:1
[ 2177777ms] [ERROR] WebSocket connection to 'wss://openclaw.labspaulo.site/' failed: Error during WebSocket handshake: Unexpected response code: 503 @ https://openclaw.labspaulo.site/assets/index-DIfSzHeM.js:1
[ 2193126ms] [ERROR] WebSocket connection to 'wss://openclaw.labspaulo.site/' failed: Error during WebSocket handshake: Unexpected response code: 503 @ https://openclaw.labspaulo.site/assets/index-DIfSzHeM.js:1
[ 2208476ms] [ERROR] WebSocket connection to 'wss://openclaw.labspaulo.site/' failed: Error during WebSocket handshake: Unexpected response code: 503 @ https://openclaw.labspaulo.site/assets/index-DIfSzHeM.js:1
[ 2223824ms] [ERROR] WebSocket connection to 'wss://openclaw.labspaulo.site/' failed: Error during WebSocket handshake: Unexpected response code: 503 @ https://openclaw.labspaulo.site/assets/index-DIfSzHeM.js:1
[ 2239196ms] [ERROR] WebSocket connection to 'wss://openclaw.labspaulo.site/' failed: Error during WebSocket handshake: Unexpected response code: 503 @ https://openclaw.labspaulo.site/assets/index-DIfSzHeM.js:1
[ 2254552ms] [ERROR] WebSocket connection to 'wss://openclaw.labspaulo.site/' failed: Error during WebSocket handshake: Unexpected response code: 503 @ https://openclaw.labspaulo.site/assets/index-DIfSzHeM.js:1
[ 2269923ms] [ERROR] WebSocket connection to 'wss://openclaw.labspaulo.site/' failed: Error during WebSocket handshake: Unexpected response code: 503 @ https://openclaw.labspaulo.site/assets/index-DIfSzHeM.js:1
[ 2285310ms] [ERROR] WebSocket connection to 'wss://openclaw.labspaulo.site/' failed: Error during WebSocket handshake: Unexpected response code: 503 @ https://openclaw.labspaulo.site/assets/index-DIfSzHeM.js:1
[ 2300701ms] [ERROR] WebSocket connection to 'wss://openclaw.labspaulo.site/' failed: Error during WebSocket handshake: Unexpected response code: 503 @ https://openclaw.labspaulo.site/assets/index-DIfSzHeM.js:1
[ 2316059ms] [ERROR] WebSocket connection to 'wss://openclaw.labspaulo.site/' failed: Error during WebSocket handshake: Unexpected response code: 503 @ https://openclaw.labspaulo.site/assets/index-DIfSzHeM.js:1
[ 2331425ms] [ERROR] WebSocket connection to 'wss://openclaw.labspaulo.site/' failed: Error during WebSocket handshake: Unexpected response code: 503 @ https://openclaw.labspaulo.site/assets/index-DIfSzHeM.js:1
[ 2346782ms] [ERROR] WebSocket connection to 'wss://openclaw.labspaulo.site/' failed: Error during WebSocket handshake: Unexpected response code: 503 @ https://openclaw.labspaulo.site/assets/index-DIfSzHeM.js:1
[ 2362136ms] [ERROR] WebSocket connection to 'wss://openclaw.labspaulo.site/' failed: Error during WebSocket handshake: Unexpected response code: 503 @ https://openclaw.labspaulo.site/assets/index-DIfSzHeM.js:1
[ 2377502ms] [ERROR] WebSocket connection to 'wss://openclaw.labspaulo.site/' failed: Error during WebSocket handshake: Unexpected response code: 503 @ https://openclaw.labspaulo.site/assets/index-DIfSzHeM.js:1
[ 2392867ms] [ERROR] WebSocket connection to 'wss://openclaw.labspaulo.site/' failed: Error during WebSocket handshake: Unexpected response code: 503 @ https://openclaw.labspaulo.site/assets/index-DIfSzHeM.js:1
[ 2408227ms] [ERROR] WebSocket connection to 'wss://openclaw.labspaulo.site/' failed: Error during WebSocket handshake: Unexpected response code: 503 @ https://openclaw.labspaulo.site/assets/index-DIfSzHeM.js:1
[ 2423604ms] [ERROR] WebSocket connection to 'wss://openclaw.labspaulo.site/' failed: Error during WebSocket handshake: Unexpected response code: 503 @ https://openclaw.labspaulo.site/assets/index-DIfSzHeM.js:1
[ 2438956ms] [ERROR] WebSocket connection to 'wss://openclaw.labspaulo.site/' failed: Error during WebSocket handshake: Unexpected response code: 503 @ https://openclaw.labspaulo.site/assets/index-DIfSzHeM.js:1
[ 2454309ms] [ERROR] WebSocket connection to 'wss://openclaw.labspaulo.site/' failed: Error during WebSocket handshake: Unexpected response code: 503 @ https://openclaw.labspaulo.site/assets/index-DIfSzHeM.js:1
[ 2469679ms] [ERROR] WebSocket connection to 'wss://openclaw.labspaulo.site/' failed: Error during WebSocket handshake: Unexpected response code: 503 @ https://openclaw.labspaulo.site/assets/index-DIfSzHeM.js:1
[ 2485047ms] [ERROR] WebSocket connection to 'wss://openclaw.labspaulo.site/' failed: Error during WebSocket handshake: Unexpected response code: 503 @ https://openclaw.labspaulo.site/assets/index-DIfSzHeM.js:1
[ 2500411ms] [ERROR] WebSocket connection to 'wss://openclaw.labspaulo.site/' failed: Error during WebSocket handshake: Unexpected response code: 503 @ https://openclaw.labspaulo.site/assets/index-DIfSzHeM.js:1
[ 2515777ms] [ERROR] WebSocket connection to 'wss://openclaw.labspaulo.site/' failed: Error during WebSocket handshake: Unexpected response code: 503 @ https://openclaw.labspaulo.site/assets/index-DIfSzHeM.js:1
[ 2531143ms] [ERROR] WebSocket connection to 'wss://openclaw.labspaulo.site/' failed: Error during WebSocket handshake: Unexpected response code: 503 @ https://openclaw.labspaulo.site/assets/index-DIfSzHeM.js:1
[ 2546544ms] [ERROR] WebSocket connection to 'wss://openclaw.labspaulo.site/' failed: Error during WebSocket handshake: Unexpected response code: 503 @ https://openclaw.labspaulo.site/assets/index-DIfSzHeM.js:1
[ 2561902ms] [ERROR] WebSocket connection to 'wss://openclaw.labspaulo.site/' failed: Error during WebSocket handshake: Unexpected response code: 503 @ https://openclaw.labspaulo.site/assets/index-DIfSzHeM.js:1
[ 2577277ms] [ERROR] WebSocket connection to 'wss://openclaw.labspaulo.site/' failed: Error during WebSocket handshake: Unexpected response code: 503 @ https://openclaw.labspaulo.site/assets/index-DIfSzHeM.js:1
[ 2592634ms] [ERROR] WebSocket connection to 'wss://openclaw.labspaulo.site/' failed: Error during WebSocket handshake: Unexpected response code: 503 @ https://openclaw.labspaulo.site/assets/index-DIfSzHeM.js:1
[ 2608009ms] [ERROR] WebSocket connection to 'wss://openclaw.labspaulo.site/' failed: Error during WebSocket handshake: Unexpected response code: 503 @ https://openclaw.labspaulo.site/assets/index-DIfSzHeM.js:1
[ 2623373ms] [ERROR] WebSocket connection to 'wss://openclaw.labspaulo.site/' failed: Error during WebSocket handshake: Unexpected response code: 503 @ https://openclaw.labspaulo.site/assets/index-DIfSzHeM.js:1
[ 2638741ms] [ERROR] WebSocket connection to 'wss://openclaw.labspaulo.site/' failed: Error during WebSocket handshake: Unexpected response code: 503 @ https://openclaw.labspaulo.site/assets/index-DIfSzHeM.js:1
[ 2654111ms] [ERROR] WebSocket connection to 'wss://openclaw.labspaulo.site/' failed: Error during WebSocket handshake: Unexpected response code: 503 @ https://openclaw.labspaulo.site/assets/index-DIfSzHeM.js:1
[ 2669608ms] [ERROR] WebSocket connection to 'wss://openclaw.labspaulo.site/' failed: Error during WebSocket handshake: Unexpected response code: 503 @ https://openclaw.labspaulo.site/assets/index-DIfSzHeM.js:1
[ 2684974ms] [ERROR] WebSocket connection to 'wss://openclaw.labspaulo.site/' failed: Error during WebSocket handshake: Unexpected response code: 503 @ https://openclaw.labspaulo.site/assets/index-DIfSzHeM.js:1
[ 2700375ms] [ERROR] WebSocket connection to 'wss://openclaw.labspaulo.site/' failed: Error during WebSocket handshake: Unexpected response code: 503 @ https://openclaw.labspaulo.site/assets/index-DIfSzHeM.js:1
[ 2715739ms] [ERROR] WebSocket connection to 'wss://openclaw.labspaulo.site/' failed: Error during WebSocket handshake: Unexpected response code: 503 @ https://openclaw.labspaulo.site/assets/index-DIfSzHeM.js:1
[ 2731109ms] [ERROR] WebSocket connection to 'wss://openclaw.labspaulo.site/' failed: Error during WebSocket handshake: Unexpected response code: 503 @ https://openclaw.labspaulo.site/assets/index-DIfSzHeM.js:1
[ 2746472ms] [ERROR] WebSocket connection to 'wss://openclaw.labspaulo.site/' failed: Error during WebSocket handshake: Unexpected response code: 503 @ https://openclaw.labspaulo.site/assets/index-DIfSzHeM.js:1
[ 2761851ms] [ERROR] WebSocket connection to 'wss://openclaw.labspaulo.site/' failed: Error during WebSocket handshake: Unexpected response code: 503 @ https://openclaw.labspaulo.site/assets/index-DIfSzHeM.js:1
[ 2777224ms] [ERROR] WebSocket connection to 'wss://openclaw.labspaulo.site/' failed: Error during WebSocket handshake: Unexpected response code: 503 @ https://openclaw.labspaulo.site/assets/index-DIfSzHeM.js:1
[ 2792620ms] [ERROR] WebSocket connection to 'wss://openclaw.labspaulo.site/' failed: Error during WebSocket handshake: Unexpected response code: 503 @ https://openclaw.labspaulo.site/assets/index-DIfSzHeM.js:1
[ 2807992ms] [ERROR] WebSocket connection to 'wss://openclaw.labspaulo.site/' failed: Error during WebSocket handshake: Unexpected response code: 503 @ https://openclaw.labspaulo.site/assets/index-DIfSzHeM.js:1
[ 2823349ms] [ERROR] WebSocket connection to 'wss://openclaw.labspaulo.site/' failed: Error during WebSocket handshake: Unexpected response code: 503 @ https://openclaw.labspaulo.site/assets/index-DIfSzHeM.js:1
[ 2838715ms] [ERROR] WebSocket connection to 'wss://openclaw.labspaulo.site/' failed: Error during WebSocket handshake: Unexpected response code: 503 @ https://openclaw.labspaulo.site/assets/index-DIfSzHeM.js:1
[ 2854090ms] [ERROR] WebSocket connection to 'wss://openclaw.labspaulo.site/' failed: Error during WebSocket handshake: Unexpected response code: 503 @ https://openclaw.labspaulo.site/assets/index-DIfSzHeM.js:1
[ 2869573ms] [ERROR] WebSocket connection to 'wss://openclaw.labspaulo.site/' failed: Error during WebSocket handshake: Unexpected response code: 503 @ https://openclaw.labspaulo.site/assets/index-DIfSzHeM.js:1
[ 2884947ms] [ERROR] WebSocket connection to 'wss://openclaw.labspaulo.site/' failed: Error during WebSocket handshake: Unexpected response code: 503 @ https://openclaw.labspaulo.site/assets/index-DIfSzHeM.js:1
[ 2900348ms] [ERROR] WebSocket connection to 'wss://openclaw.labspaulo.site/' failed: Error during WebSocket handshake: Unexpected response code: 503 @ https://openclaw.labspaulo.site/assets/index-DIfSzHeM.js:1
[ 2915740ms] [ERROR] WebSocket connection to 'wss://openclaw.labspaulo.site/' failed: Error during WebSocket handshake: Unexpected response code: 503 @ https://openclaw.labspaulo.site/assets/index-DIfSzHeM.js:1
[ 2931096ms] [ERROR] WebSocket connection to 'wss://openclaw.labspaulo.site/' failed: Error during WebSocket handshake: Unexpected response code: 503 @ https://openclaw.labspaulo.site/assets/index-DIfSzHeM.js:1
[ 2946459ms] [ERROR] WebSocket connection to 'wss://openclaw.labspaulo.site/' failed: Error during WebSocket handshake: Unexpected response code: 503 @ https://openclaw.labspaulo.site/assets/index-DIfSzHeM.js:1
[ 2961837ms] [ERROR] WebSocket connection to 'wss://openclaw.labspaulo.site/' failed: Error during WebSocket handshake: Unexpected response code: 503 @ https://openclaw.labspaulo.site/assets/index-DIfSzHeM.js:1
[ 2977218ms] [ERROR] WebSocket connection to 'wss://openclaw.labspaulo.site/' failed: Error during WebSocket handshake: Unexpected response code: 503 @ https://openclaw.labspaulo.site/assets/index-DIfSzHeM.js:1
[ 2992572ms] [ERROR] WebSocket connection to 'wss://openclaw.labspaulo.site/' failed: Error during WebSocket handshake: Unexpected response code: 503 @ https://openclaw.labspaulo.site/assets/index-DIfSzHeM.js:1
[ 3007932ms] [ERROR] WebSocket connection to 'wss://openclaw.labspaulo.site/' failed: Error during WebSocket handshake: Unexpected response code: 503 @ https://openclaw.labspaulo.site/assets/index-DIfSzHeM.js:1
[ 3023288ms] [ERROR] WebSocket connection to 'wss://openclaw.labspaulo.site/' failed: Error during WebSocket handshake: Unexpected response code: 503 @ https://openclaw.labspaulo.site/assets/index-DIfSzHeM.js:1
[ 3038644ms] [ERROR] WebSocket connection to 'wss://openclaw.labspaulo.site/' failed: Error during WebSocket handshake: Unexpected response code: 503 @ https://openclaw.labspaulo.site/assets/index-DIfSzHeM.js:1
[ 3054011ms] [ERROR] WebSocket connection to 'wss://openclaw.labspaulo.site/' failed: Error during WebSocket handshake: Unexpected response code: 503 @ https://openclaw.labspaulo.site/assets/index-DIfSzHeM.js:1
[ 3069358ms] [ERROR] WebSocket connection to 'wss://openclaw.labspaulo.site/' failed: Error during WebSocket handshake: Unexpected response code: 503 @ https://openclaw.labspaulo.site/assets/index-DIfSzHeM.js:1
[ 3084699ms] [ERROR] WebSocket connection to 'wss://openclaw.labspaulo.site/' failed: Error during WebSocket handshake: Unexpected response code: 503 @ https://openclaw.labspaulo.site/assets/index-DIfSzHeM.js:1
